{
    "items": [
        {
            "area_peril_id": 54, 
            "class_1": "R", 
            "coverage_type": 1, 
            "id": 10002082046, 
            "message": "Successful peril area lookup: 54; Successful vulnerability lookup: 3", 
            "peril_id": 1, 
            "status": "success", 
            "vulnerability_id": 3
        }, 
        {
            "area_peril_id": 54, 
            "class_1": "R", 
            "coverage_type": 1, 
            "id": 10002082047, 
            "message": "Successful peril area lookup: 54; Successful vulnerability lookup: 3", 
            "peril_id": 1, 
            "status": "success", 
            "vulnerability_id": 3
        }, 
        {
            "area_peril_id": 54, 
            "class_1": "R", 
            "coverage_type": 1, 
            "id": 10002082048, 
            "message": "Successful peril area lookup: 54; Successful vulnerability lookup: 3", 
            "peril_id": 1, 
            "status": "success", 
            "vulnerability_id": 3
        }, 
        {
            "area_peril_id": 54, 
            "class_1": "R", 
            "coverage_type": 1, 
            "id": 10002082049, 
            "message": "Successful peril area lookup: 54; Successful vulnerability lookup: 3", 
            "peril_id": 1, 
            "status": "success", 
            "vulnerability_id": 3
        }, 
        {
            "area_peril_id": 54, 
            "class_1": "R", 
            "coverage_type": 1, 
            "id": 10002082050, 
            "message": "Successful peril area lookup: 54; Successful vulnerability lookup: 3", 
            "peril_id": 1, 
            "status": "success", 
            "vulnerability_id": 3
        }, 
        {
            "area_peril_id": 54, 
            "class_1": "R", 
            "coverage_type": 1, 
            "id": 10002082051, 
            "message": "Successful peril area lookup: 54; Successful vulnerability lookup: 3", 
            "peril_id": 1, 
            "status": "success", 
            "vulnerability_id": 3
        }, 
        {
            "area_peril_id": 54, 
            "class_1": "R", 
            "coverage_type": 1, 
            "id": 10002082052, 
            "message": "Successful peril area lookup: 54; Successful vulnerability lookup: 3", 
            "peril_id": 1, 
            "status": "success", 
            "vulnerability_id": 3
        }, 
        {
            "area_peril_id": 54, 
            "class_1": "R", 
            "coverage_type": 1, 
            "id": 10002082053, 
            "message": "Successful peril area lookup: 54; Successful vulnerability lookup: 3", 
            "peril_id": 1, 
            "status": "success", 
            "vulnerability_id": 3
        }, 
        {
            "area_peril_id": 54, 
            "class_1": "R", 
            "coverage_type": 1, 
            "id": 10002082054, 
            "message": "Successful peril area lookup: 54; Successful vulnerability lookup: 3", 
            "peril_id": 1, 
            "status": "success", 
            "vulnerability_id": 3
        }, 
        {
            "area_peril_id": 54, 
            "class_1": "R", 
            "coverage_type": 1, 
            "id": 10002082055, 
            "message": "Successful peril area lookup: 54; Successful vulnerability lookup: 3", 
            "peril_id": 1, 
            "status": "success", 
            "vulnerability_id": 3
        }
    ], 
    "status": "success"
}