summary_id,return_period,loss
1,500.000000,3115296.250000
1,250.000000,2997946.750000
1,100.000000,2311140.500000
1,50.000000,1418600.375000
1,20.000000,552758.812500
1,10.000000,301572.843750
1,5.000000,168536.453125
1,2.000000,0.000000
