summary_id,return_period,loss
1,500.000000,514481.437500
1,250.000000,488925.906250
1,100.000000,330249.375000
1,50.000000,108912.585938
1,20.000000,0.000000
1,10.000000,0.000000
1,5.000000,0.000000
1,2.000000,0.000000
