summary_id,return_period,loss
1,500.000000,1511626112.000000
1,250.000000,1303517440.000000
1,100.000000,900063360.000000
1,50.000000,523459744.000000
1,20.000000,280872192.000000
1,10.000000,136624128.000000
1,5.000000,68971136.000000
1,2.000000,0.000000
