summary_id,type,mean,standard_deviation,exposure_value
1,1,51255520.865520,146396798.282544,1389590400.000000
1,2,51246860.308990,146350496.619048,1389590400.000000
