summary_id,return_period,loss
1,500.000000,1303047040.000000
1,250.000000,1076752512.000000
1,100.000000,836780992.000000
1,50.000000,523459744.000000
1,20.000000,239660544.000000
1,10.000000,76324832.000000
1,5.000000,68736952.000000
1,2.000000,0.000000
