summary_id,return_period,loss
1,500.000000,3288348.500000
1,250.000000,3113943.500000
1,100.000000,2406356.000000
1,50.000000,1447179.375000
1,20.000000,647706.750000
1,10.000000,337723.375000
1,5.000000,168536.453125
1,2.000000,0.000000
