summary_id,return_period,loss
1,500.000000,514743.500000
1,250.000000,489467.875000
1,100.000000,333483.468750
1,50.000000,108912.585938
1,20.000000,0.000000
1,10.000000,0.000000
1,5.000000,0.000000
1,2.000000,0.000000
