summary_id,type,mean,standard_deviation,exposure_value
1,1,6389.523129,48966.498702,544168.687500
1,2,6553.378756,49255.494881,544168.687500
