summary_id,return_period,loss
1,500.000000,498688.906250
1,250.000000,476059.906250
1,100.000000,319880.843750
1,50.000000,104402.187500
1,20.000000,0.000000
1,10.000000,0.000000
1,5.000000,0.000000
1,2.000000,0.000000
