summary_id,type,mean,standard_deviation,exposure_value
1,1,6179.214098,47372.513148,482670.218750
1,2,6338.363238,47671.187142,482670.218750
