summary_id,return_period,loss
1,500.000000,498418.437500
1,250.000000,473447.500000
1,100.000000,316709.562500
1,50.000000,104402.187500
1,20.000000,0.000000
1,10.000000,0.000000
1,5.000000,0.000000
1,2.000000,0.000000
