summary_id,return_period,loss
1,500.000000,2643934.500000
1,250.000000,2511528.500000
1,100.000000,1941514.750000
1,50.000000,1214125.000000
1,20.000000,459151.750000
1,10.000000,255128.234375
1,5.000000,136124.984375
1,2.000000,0.000000
