summary_id,type,mean,standard_deviation,exposure_value
1,1,103419.244312,308038.022772,2750000.000000
1,2,103410.914200,319546.318672,2750000.000000
