summary_id,return_period,loss
1,500.000000,2748462.250000
1,250.000000,2643934.500000
1,100.000000,1993318.875000
1,50.000000,1231088.000000
1,20.000000,549066.812500
1,10.000000,284872.375000
1,5.000000,136124.984375
1,2.000000,0.000000
