summary_id,return_period,loss
1,500.000000,1872918528.000000
1,250.000000,1619706624.000000
1,100.000000,1126231296.000000
1,50.000000,647110336.000000
1,20.000000,347229824.000000
1,10.000000,169849248.000000
1,5.000000,85711376.000000
1,2.000000,0.000000
