summary_id,return_period,loss
1,500.000000,1619303808.000000
1,250.000000,1347571712.000000
1,100.000000,1052764288.000000
1,50.000000,647110336.000000
1,20.000000,290857728.000000
1,10.000000,94898824.000000
1,5.000000,85458368.000000
1,2.000000,0.000000
