summary_id,type,mean,standard_deviation,exposure_value
1,1,63697473.132783,181934310.875406,1726926976.000000
1,2,63696022.947389,181879030.940340,1726926976.000000
