summary_id,type,mean,standard_deviation,exposure_value
1,1,125182.013844,367641.358328,3285311.500000
1,2,125850.067872,379145.531829,3285311.500000
