summary_id,return_period,loss
1,500.000000,147162464.000000
1,250.000000,128246680.000000
1,100.000000,90044032.000000
1,50.000000,51211088.000000
1,20.000000,25928678.000000
1,10.000000,13207392.000000
1,5.000000,6916887.500000
1,2.000000,0.000000
