summary_id,return_period,loss
1,500.000000,128110464.000000
1,250.000000,106198104.000000
1,100.000000,84234896.000000
1,50.000000,51211088.000000
1,20.000000,23149344.000000
1,10.000000,7845422.000000
1,5.000000,6829762.000000
1,2.000000,0.000000
