summary_id,type,mean,standard_deviation,exposure_value
1,1,5074331.594654,14480444.387372,137974960.000000
1,2,5072448.387600,14482572.127815,137974960.000000
